Compiling the C compiler identification source file "CMakeCCompilerId.c" failed.
Compiler: /home/hyx/codespace/android-sdk/ndk/28.2.13676358/toolchains/llvm/prebuilt/linux-x86_64/bin/clang 
Build flags: -g;-DANDROID;-fdata-sections;-ffunction-sections;-funwind-tables;-fstack-protector-strong;-no-canonical-prefixes;-D_FORTIFY_SOURCE=2;-Wformat;-Werror=format-security;
Id flags: -c;--target=aarch64-none-linux-android21 

The output was:
2
/home/hyx/codespace/android-sdk/ndk/28.2.13676358/toolchains/llvm/prebuilt/linux-x86_64/bin/clang: 1: Syntax error: ")" unexpected


Compiling the C compiler identification source file "CMakeCCompilerId.c" failed.
Compiler: /home/hyx/codespace/android-sdk/ndk/28.2.13676358/toolchains/llvm/prebuilt/linux-x86_64/bin/clang 
Build flags: -g;-DANDROID;-fdata-sections;-ffunction-sections;-funwind-tables;-fstack-protector-strong;-no-canonical-prefixes;-D_FORTIFY_SOURCE=2;-Wformat;-Werror=format-security;
Id flags:  

The output was:
2
/home/hyx/codespace/android-sdk/ndk/28.2.13676358/toolchains/llvm/prebuilt/linux-x86_64/bin/clang: 1: Syntax error: ")" unexpected


Compiling the C compiler identification source file "CMakeCCompilerId.c" failed.
Compiler: /home/hyx/codespace/android-sdk/ndk/28.2.13676358/toolchains/llvm/prebuilt/linux-x86_64/bin/clang 
Build flags: -g;-DANDROID;-fdata-sections;-ffunction-sections;-funwind-tables;-fstack-protector-strong;-no-canonical-prefixes;-D_FORTIFY_SOURCE=2;-Wformat;-Werror=format-security;
Id flags: -c 

The output was:
2
/home/hyx/codespace/android-sdk/ndk/28.2.13676358/toolchains/llvm/prebuilt/linux-x86_64/bin/clang: 1: Syntax error: ")" unexpected


Compiling the C compiler identification source file "CMakeCCompilerId.c" failed.
Compiler: /home/hyx/codespace/android-sdk/ndk/28.2.13676358/toolchains/llvm/prebuilt/linux-x86_64/bin/clang 
Build flags: -g;-DANDROID;-fdata-sections;-ffunction-sections;-funwind-tables;-fstack-protector-strong;-no-canonical-prefixes;-D_FORTIFY_SOURCE=2;-Wformat;-Werror=format-security;
Id flags: -Aa 

The output was:
2
/home/hyx/codespace/android-sdk/ndk/28.2.13676358/toolchains/llvm/prebuilt/linux-x86_64/bin/clang: 1: Syntax error: ")" unexpected


Compiling the C compiler identification source file "CMakeCCompilerId.c" failed.
Compiler: /home/hyx/codespace/android-sdk/ndk/28.2.13676358/toolchains/llvm/prebuilt/linux-x86_64/bin/clang 
Build flags: -g;-DANDROID;-fdata-sections;-ffunction-sections;-funwind-tables;-fstack-protector-strong;-no-canonical-prefixes;-D_FORTIFY_SOURCE=2;-Wformat;-Werror=format-security;
Id flags: -D__CLASSIC_C__ 

The output was:
2
/home/hyx/codespace/android-sdk/ndk/28.2.13676358/toolchains/llvm/prebuilt/linux-x86_64/bin/clang: 1: Syntax error: ")" unexpected


Compiling the C compiler identification source file "CMakeCCompilerId.c" failed.
Compiler: /home/hyx/codespace/android-sdk/ndk/28.2.13676358/toolchains/llvm/prebuilt/linux-x86_64/bin/clang 
Build flags: -g;-DANDROID;-fdata-sections;-ffunction-sections;-funwind-tables;-fstack-protector-strong;-no-canonical-prefixes;-D_FORTIFY_SOURCE=2;-Wformat;-Werror=format-security;
Id flags: --target=arm-arm-none-eabi;-mcpu=cortex-m3 

The output was:
2
/home/hyx/codespace/android-sdk/ndk/28.2.13676358/toolchains/llvm/prebuilt/linux-x86_64/bin/clang: 1: Syntax error: ")" unexpected


Compiling the C compiler identification source file "CMakeCCompilerId.c" failed.
Compiler: /home/hyx/codespace/android-sdk/ndk/28.2.13676358/toolchains/llvm/prebuilt/linux-x86_64/bin/clang 
Build flags: -g;-DANDROID;-fdata-sections;-ffunction-sections;-funwind-tables;-fstack-protector-strong;-no-canonical-prefixes;-D_FORTIFY_SOURCE=2;-Wformat;-Werror=format-security;
Id flags: -c;-I__does_not_exist__ 

The output was:
2
/home/hyx/codespace/android-sdk/ndk/28.2.13676358/toolchains/llvm/prebuilt/linux-x86_64/bin/clang: 1: Syntax error: ")" unexpected


Compiling the C compiler identification source file "CMakeCCompilerId.c" failed.
Compiler: /home/hyx/codespace/android-sdk/ndk/28.2.13676358/toolchains/llvm/prebuilt/linux-x86_64/bin/clang 
Build flags: 
Id flags: -c;--target=aarch64-none-linux-android21 

The output was:
2
/home/hyx/codespace/android-sdk/ndk/28.2.13676358/toolchains/llvm/prebuilt/linux-x86_64/bin/clang: 1: Syntax error: ")" unexpected


Compiling the C compiler identification source file "CMakeCCompilerId.c" failed.
Compiler: /home/hyx/codespace/android-sdk/ndk/28.2.13676358/toolchains/llvm/prebuilt/linux-x86_64/bin/clang 
Build flags: 
Id flags:  

The output was:
2
/home/hyx/codespace/android-sdk/ndk/28.2.13676358/toolchains/llvm/prebuilt/linux-x86_64/bin/clang: 1: Syntax error: ")" unexpected


Compiling the C compiler identification source file "CMakeCCompilerId.c" failed.
Compiler: /home/hyx/codespace/android-sdk/ndk/28.2.13676358/toolchains/llvm/prebuilt/linux-x86_64/bin/clang 
Build flags: 
Id flags: -c 

The output was:
2
/home/hyx/codespace/android-sdk/ndk/28.2.13676358/toolchains/llvm/prebuilt/linux-x86_64/bin/clang: 1: Syntax error: ")" unexpected


Compiling the C compiler identification source file "CMakeCCompilerId.c" failed.
Compiler: /home/hyx/codespace/android-sdk/ndk/28.2.13676358/toolchains/llvm/prebuilt/linux-x86_64/bin/clang 
Build flags: 
Id flags: -Aa 

The output was:
2
/home/hyx/codespace/android-sdk/ndk/28.2.13676358/toolchains/llvm/prebuilt/linux-x86_64/bin/clang: 1: Syntax error: ")" unexpected


Compiling the C compiler identification source file "CMakeCCompilerId.c" failed.
Compiler: /home/hyx/codespace/android-sdk/ndk/28.2.13676358/toolchains/llvm/prebuilt/linux-x86_64/bin/clang 
Build flags: 
Id flags: -D__CLASSIC_C__ 

The output was:
2
/home/hyx/codespace/android-sdk/ndk/28.2.13676358/toolchains/llvm/prebuilt/linux-x86_64/bin/clang: 1: Syntax error: ")" unexpected


Compiling the C compiler identification source file "CMakeCCompilerId.c" failed.
Compiler: /home/hyx/codespace/android-sdk/ndk/28.2.13676358/toolchains/llvm/prebuilt/linux-x86_64/bin/clang 
Build flags: 
Id flags: --target=arm-arm-none-eabi;-mcpu=cortex-m3 

The output was:
2
/home/hyx/codespace/android-sdk/ndk/28.2.13676358/toolchains/llvm/prebuilt/linux-x86_64/bin/clang: 1: Syntax error: ")" unexpected


Compiling the C compiler identification source file "CMakeCCompilerId.c" failed.
Compiler: /home/hyx/codespace/android-sdk/ndk/28.2.13676358/toolchains/llvm/prebuilt/linux-x86_64/bin/clang 
Build flags: 
Id flags: -c;-I__does_not_exist__ 

The output was:
2
/home/hyx/codespace/android-sdk/ndk/28.2.13676358/toolchains/llvm/prebuilt/linux-x86_64/bin/clang: 1: Syntax error: ")" unexpected


Checking whether the C compiler is IAR using "" did not match "IAR .+ Compiler":
/home/hyx/codespace/android-sdk/ndk/28.2.13676358/toolchains/llvm/prebuilt/linux-x86_64/bin/clang: 1: Syntax error: ")" unexpected
Checking whether the C compiler is IAR using "" did not match "IAR .+ Compiler":
/home/hyx/codespace/android-sdk/ndk/28.2.13676358/toolchains/llvm/prebuilt/linux-x86_64/bin/clang: 1: Syntax error: ")" unexpected
Compiling the CXX compiler identification source file "CMakeCXXCompilerId.cpp" failed.
Compiler: /home/hyx/codespace/android-sdk/ndk/28.2.13676358/toolchains/llvm/prebuilt/linux-x86_64/bin/clang++ 
Build flags: -g;-DANDROID;-fdata-sections;-ffunction-sections;-funwind-tables;-fstack-protector-strong;-no-canonical-prefixes;-D_FORTIFY_SOURCE=2;-Wformat;-Werror=format-security;;
Id flags: -c;--target=aarch64-none-linux-android21 

The output was:
2
/home/hyx/codespace/android-sdk/ndk/28.2.13676358/toolchains/llvm/prebuilt/linux-x86_64/bin/clang++: 1: Syntax error: ")" unexpected


Compiling the CXX compiler identification source file "CMakeCXXCompilerId.cpp" failed.
Compiler: /home/hyx/codespace/android-sdk/ndk/28.2.13676358/toolchains/llvm/prebuilt/linux-x86_64/bin/clang++ 
Build flags: -g;-DANDROID;-fdata-sections;-ffunction-sections;-funwind-tables;-fstack-protector-strong;-no-canonical-prefixes;-D_FORTIFY_SOURCE=2;-Wformat;-Werror=format-security;;
Id flags:  

The output was:
2
/home/hyx/codespace/android-sdk/ndk/28.2.13676358/toolchains/llvm/prebuilt/linux-x86_64/bin/clang++: 1: Syntax error: ")" unexpected


Compiling the CXX compiler identification source file "CMakeCXXCompilerId.cpp" failed.
Compiler: /home/hyx/codespace/android-sdk/ndk/28.2.13676358/toolchains/llvm/prebuilt/linux-x86_64/bin/clang++ 
Build flags: -g;-DANDROID;-fdata-sections;-ffunction-sections;-funwind-tables;-fstack-protector-strong;-no-canonical-prefixes;-D_FORTIFY_SOURCE=2;-Wformat;-Werror=format-security;;
Id flags: -c 

The output was:
2
/home/hyx/codespace/android-sdk/ndk/28.2.13676358/toolchains/llvm/prebuilt/linux-x86_64/bin/clang++: 1: Syntax error: ")" unexpected


Compiling the CXX compiler identification source file "CMakeCXXCompilerId.cpp" failed.
Compiler: /home/hyx/codespace/android-sdk/ndk/28.2.13676358/toolchains/llvm/prebuilt/linux-x86_64/bin/clang++ 
Build flags: -g;-DANDROID;-fdata-sections;-ffunction-sections;-funwind-tables;-fstack-protector-strong;-no-canonical-prefixes;-D_FORTIFY_SOURCE=2;-Wformat;-Werror=format-security;;
Id flags: --c++ 

The output was:
2
/home/hyx/codespace/android-sdk/ndk/28.2.13676358/toolchains/llvm/prebuilt/linux-x86_64/bin/clang++: 1: Syntax error: ")" unexpected


Compiling the CXX compiler identification source file "CMakeCXXCompilerId.cpp" failed.
Compiler: /home/hyx/codespace/android-sdk/ndk/28.2.13676358/toolchains/llvm/prebuilt/linux-x86_64/bin/clang++ 
Build flags: -g;-DANDROID;-fdata-sections;-ffunction-sections;-funwind-tables;-fstack-protector-strong;-no-canonical-prefixes;-D_FORTIFY_SOURCE=2;-Wformat;-Werror=format-security;;
Id flags: --ec++ 

The output was:
2
/home/hyx/codespace/android-sdk/ndk/28.2.13676358/toolchains/llvm/prebuilt/linux-x86_64/bin/clang++: 1: Syntax error: ")" unexpected


Compiling the CXX compiler identification source file "CMakeCXXCompilerId.cpp" failed.
Compiler: /home/hyx/codespace/android-sdk/ndk/28.2.13676358/toolchains/llvm/prebuilt/linux-x86_64/bin/clang++ 
Build flags: -g;-DANDROID;-fdata-sections;-ffunction-sections;-funwind-tables;-fstack-protector-strong;-no-canonical-prefixes;-D_FORTIFY_SOURCE=2;-Wformat;-Werror=format-security;;
Id flags: --target=arm-arm-none-eabi;-mcpu=cortex-m3 

The output was:
2
/home/hyx/codespace/android-sdk/ndk/28.2.13676358/toolchains/llvm/prebuilt/linux-x86_64/bin/clang++: 1: Syntax error: ")" unexpected


Compiling the CXX compiler identification source file "CMakeCXXCompilerId.cpp" failed.
Compiler: /home/hyx/codespace/android-sdk/ndk/28.2.13676358/toolchains/llvm/prebuilt/linux-x86_64/bin/clang++ 
Build flags: -g;-DANDROID;-fdata-sections;-ffunction-sections;-funwind-tables;-fstack-protector-strong;-no-canonical-prefixes;-D_FORTIFY_SOURCE=2;-Wformat;-Werror=format-security;;
Id flags: -c;-I__does_not_exist__ 

The output was:
2
/home/hyx/codespace/android-sdk/ndk/28.2.13676358/toolchains/llvm/prebuilt/linux-x86_64/bin/clang++: 1: Syntax error: ")" unexpected


Compiling the CXX compiler identification source file "CMakeCXXCompilerId.cpp" failed.
Compiler: /home/hyx/codespace/android-sdk/ndk/28.2.13676358/toolchains/llvm/prebuilt/linux-x86_64/bin/clang++ 
Build flags: 
Id flags: -c;--target=aarch64-none-linux-android21 

The output was:
2
/home/hyx/codespace/android-sdk/ndk/28.2.13676358/toolchains/llvm/prebuilt/linux-x86_64/bin/clang++: 1: Syntax error: ")" unexpected


Compiling the CXX compiler identification source file "CMakeCXXCompilerId.cpp" failed.
Compiler: /home/hyx/codespace/android-sdk/ndk/28.2.13676358/toolchains/llvm/prebuilt/linux-x86_64/bin/clang++ 
Build flags: 
Id flags:  

The output was:
2
/home/hyx/codespace/android-sdk/ndk/28.2.13676358/toolchains/llvm/prebuilt/linux-x86_64/bin/clang++: 1: Syntax error: ")" unexpected


Compiling the CXX compiler identification source file "CMakeCXXCompilerId.cpp" failed.
Compiler: /home/hyx/codespace/android-sdk/ndk/28.2.13676358/toolchains/llvm/prebuilt/linux-x86_64/bin/clang++ 
Build flags: 
Id flags: -c 

The output was:
2
/home/hyx/codespace/android-sdk/ndk/28.2.13676358/toolchains/llvm/prebuilt/linux-x86_64/bin/clang++: 1: Syntax error: ")" unexpected


Compiling the CXX compiler identification source file "CMakeCXXCompilerId.cpp" failed.
Compiler: /home/hyx/codespace/android-sdk/ndk/28.2.13676358/toolchains/llvm/prebuilt/linux-x86_64/bin/clang++ 
Build flags: 
Id flags: --c++ 

The output was:
2
/home/hyx/codespace/android-sdk/ndk/28.2.13676358/toolchains/llvm/prebuilt/linux-x86_64/bin/clang++: 1: Syntax error: ")" unexpected


Compiling the CXX compiler identification source file "CMakeCXXCompilerId.cpp" failed.
Compiler: /home/hyx/codespace/android-sdk/ndk/28.2.13676358/toolchains/llvm/prebuilt/linux-x86_64/bin/clang++ 
Build flags: 
Id flags: --ec++ 

The output was:
2
/home/hyx/codespace/android-sdk/ndk/28.2.13676358/toolchains/llvm/prebuilt/linux-x86_64/bin/clang++: 1: Syntax error: ")" unexpected


Compiling the CXX compiler identification source file "CMakeCXXCompilerId.cpp" failed.
Compiler: /home/hyx/codespace/android-sdk/ndk/28.2.13676358/toolchains/llvm/prebuilt/linux-x86_64/bin/clang++ 
Build flags: 
Id flags: --target=arm-arm-none-eabi;-mcpu=cortex-m3 

The output was:
2
/home/hyx/codespace/android-sdk/ndk/28.2.13676358/toolchains/llvm/prebuilt/linux-x86_64/bin/clang++: 1: Syntax error: ")" unexpected


Compiling the CXX compiler identification source file "CMakeCXXCompilerId.cpp" failed.
Compiler: /home/hyx/codespace/android-sdk/ndk/28.2.13676358/toolchains/llvm/prebuilt/linux-x86_64/bin/clang++ 
Build flags: 
Id flags: -c;-I__does_not_exist__ 

The output was:
2
/home/hyx/codespace/android-sdk/ndk/28.2.13676358/toolchains/llvm/prebuilt/linux-x86_64/bin/clang++: 1: Syntax error: ")" unexpected


Checking whether the CXX compiler is IAR using "" did not match "IAR .+ Compiler":
/home/hyx/codespace/android-sdk/ndk/28.2.13676358/toolchains/llvm/prebuilt/linux-x86_64/bin/clang++: 1: Syntax error: ")" unexpected
Checking whether the CXX compiler is IAR using "" did not match "IAR .+ Compiler":
/home/hyx/codespace/android-sdk/ndk/28.2.13676358/toolchains/llvm/prebuilt/linux-x86_64/bin/clang++: 1: Syntax error: ")" unexpected
Detecting C compiler ABI info failed to compile with the following output:
Change Dir: /mnt/ssd/codespace/cocos-engine/game-studio/app/.cxx/Debug/1g6f5g56/arm64-v8a/CMakeFiles/CMakeTmp

Run Build Command(s):/mnt/ssd/codespace/android-sdk/cmake/3.22.1/bin/ninja cmTC_9df51 && [1/2] Building C object CMakeFiles/cmTC_9df51.dir/CMakeCCompilerABI.c.o
FAILED: CMakeFiles/cmTC_9df51.dir/CMakeCCompilerABI.c.o 
/home/hyx/codespace/android-sdk/ndk/28.2.13676358/toolchains/llvm/prebuilt/linux-x86_64/bin/clang   -g -DANDROID -fdata-sections -ffunction-sections -funwind-tables -fstack-protector-strong -no-canonical-prefixes -D_FORTIFY_SOURCE=2 -Wformat -o CMakeFiles/cmTC_9df51.dir/CMakeCCompilerABI.c.o -c /usr/share/cmake-3.22/Modules/CMakeCCompilerABI.c
/bin/sh: 1: /home/hyx/codespace/android-sdk/ndk/28.2.13676358/toolchains/llvm/prebuilt/linux-x86_64/bin/clang: Exec format error
ninja: build stopped: subcommand failed.




Determining if the C compiler works failed with the following output:
Change Dir: /mnt/ssd/codespace/cocos-engine/game-studio/app/.cxx/Debug/1g6f5g56/arm64-v8a/CMakeFiles/CMakeTmp

Run Build Command(s):/mnt/ssd/codespace/android-sdk/cmake/3.22.1/bin/ninja cmTC_1f017 && [1/2] Building C object CMakeFiles/cmTC_1f017.dir/testCCompiler.c.o
FAILED: CMakeFiles/cmTC_1f017.dir/testCCompiler.c.o 
/home/hyx/codespace/android-sdk/ndk/28.2.13676358/toolchains/llvm/prebuilt/linux-x86_64/bin/clang   -g -DANDROID -fdata-sections -ffunction-sections -funwind-tables -fstack-protector-strong -no-canonical-prefixes -D_FORTIFY_SOURCE=2 -Wformat -Werror=format-security -o CMakeFiles/cmTC_1f017.dir/testCCompiler.c.o -c /mnt/ssd/codespace/cocos-engine/game-studio/app/.cxx/Debug/1g6f5g56/arm64-v8a/CMakeFiles/CMakeTmp/testCCompiler.c
/bin/sh: 1: /home/hyx/codespace/android-sdk/ndk/28.2.13676358/toolchains/llvm/prebuilt/linux-x86_64/bin/clang: Exec format error
ninja: build stopped: subcommand failed.



